INFO: Created TensorFlow Lite XNNPACK delegate for CPU.
W0000 00:00:1771559463.095234   18092 inference_feedback_manager.cc:121] Feedback manager requires a model with a single signature inference. Disabling support for feedback tensors.
W0000 00:00:1771559463.163968   18092 inference_feedback_manager.cc:121] Feedback manager requires a model with a single signature inference. Disabling support for feedback tensors.
W0000 00:00:1771559463.255558   20720 landmark_projection_calculator.cc:81] Using NORM_RECT without IMAGE_DIMENSIONS is only supported for the square ROI. Provide IMAGE_DIMENSIONS or use PROJECTION_MATRIX.
Found 1 videos to process

Processing 1 videos in 'filtered' mode...
Using 12 CPU cores...
Press Ctrl+C to stop gracefully

[25742_3] Stable landmarks: 17/33, Discarded unstable: 16

============================================================
PROCESSING SUMMARY
============================================================
✓ Successfully processed: 1
⊘ Skipped (Poor quality): 0
✗ Failed: 0

============================================================
QUALITY ASSESSMENT
============================================================

25742_3:
  - Quality Rating: Good
  - Avg Visibility: 0.752
  - Problem Frames: 0
  - Recommendations: 1

============================================================
OUTPUT FILES
============================================================
1. Pose landmarks (by quality):
   - Excellent: ./squat/extracted_features_clean\excellent/
   - Good: ./squat/extracted_features_clean\good/
   - Fair: ./squat/extracted_features_clean\fair/
   - Poor: (not saved)
2. Annotated videos (by quality): ./squat/visualized_poses_clean/{excellent|good|fair}/
3. Analysis reports: ./squat/analysis_reports/
============================================================
